Archive member included to satisfy reference by file (symbol)

/usr/local/share/gcc-arm-none-eabi-10.3-2021.10/bin/../lib/gcc/arm-none-eabi/10.3.1/../../../../arm-none-eabi/lib/thumb/v7e-m+fp/softfp/libc_nano.a(lib_a-exit.o)
                              /usr/local/share/gcc-arm-none-eabi-10.3-2021.10/bin/../lib/gcc/arm-none-eabi/10.3.1/../../../../arm-none-eabi/lib/thumb/v7e-m+fp/softfp/crt0.o (exit)
/usr/local/share/gcc-arm-none-eabi-10.3-2021.10/bin/../lib/gcc/arm-none-eabi/10.3.1/../../../../arm-none-eabi/lib/thumb/v7e-m+fp/softfp/libc_nano.a(lib_a-impure.o)
                              /usr/local/share/gcc-arm-none-eabi-10.3-2021.10/bin/../lib/gcc/arm-none-eabi/10.3.1/../../../../arm-none-eabi/lib/thumb/v7e-m+fp/softfp/libc_nano.a(lib_a-exit.o) (_global_impure_ptr)
/usr/local/share/gcc-arm-none-eabi-10.3-2021.10/bin/../lib/gcc/arm-none-eabi/10.3.1/../../../../arm-none-eabi/lib/thumb/v7e-m+fp/softfp/libc_nano.a(lib_a-init.o)
                              /usr/local/share/gcc-arm-none-eabi-10.3-2021.10/bin/../lib/gcc/arm-none-eabi/10.3.1/../../../../arm-none-eabi/lib/thumb/v7e-m+fp/softfp/crt0.o (__libc_init_array)
/usr/local/share/gcc-arm-none-eabi-10.3-2021.10/bin/../lib/gcc/arm-none-eabi/10.3.1/../../../../arm-none-eabi/lib/thumb/v7e-m+fp/softfp/libc_nano.a(lib_a-memset.o)
                              /usr/local/share/gcc-arm-none-eabi-10.3-2021.10/bin/../lib/gcc/arm-none-eabi/10.3.1/../../../../arm-none-eabi/lib/thumb/v7e-m+fp/softfp/crt0.o (memset)
/usr/local/share/gcc-arm-none-eabi-10.3-2021.10/bin/../lib/gcc/arm-none-eabi/10.3.1/../../../../arm-none-eabi/lib/thumb/v7e-m+fp/softfp/libnosys.a(_exit.o)
                              /usr/local/share/gcc-arm-none-eabi-10.3-2021.10/bin/../lib/gcc/arm-none-eabi/10.3.1/../../../../arm-none-eabi/lib/thumb/v7e-m+fp/softfp/libc_nano.a(lib_a-exit.o) (_exit)

Discarded input sections

 .text          0x0000000000000000        0x0 /usr/local/share/gcc-arm-none-eabi-10.3-2021.10/bin/../lib/gcc/arm-none-eabi/10.3.1/thumb/v7e-m+fp/softfp/crti.o
 .data          0x0000000000000000        0x0 /usr/local/share/gcc-arm-none-eabi-10.3-2021.10/bin/../lib/gcc/arm-none-eabi/10.3.1/thumb/v7e-m+fp/softfp/crti.o
 .bss           0x0000000000000000        0x0 /usr/local/share/gcc-arm-none-eabi-10.3-2021.10/bin/../lib/gcc/arm-none-eabi/10.3.1/thumb/v7e-m+fp/softfp/crti.o
 .text          0x0000000000000000       0x40 /usr/local/share/gcc-arm-none-eabi-10.3-2021.10/bin/../lib/gcc/arm-none-eabi/10.3.1/thumb/v7e-m+fp/softfp/crtbegin.o
 .data          0x0000000000000000        0x4 /usr/local/share/gcc-arm-none-eabi-10.3-2021.10/bin/../lib/gcc/arm-none-eabi/10.3.1/thumb/v7e-m+fp/softfp/crtbegin.o
 .bss           0x0000000000000000       0x1c /usr/local/share/gcc-arm-none-eabi-10.3-2021.10/bin/../lib/gcc/arm-none-eabi/10.3.1/thumb/v7e-m+fp/softfp/crtbegin.o
 .rodata        0x0000000000000000       0x24 /usr/local/share/gcc-arm-none-eabi-10.3-2021.10/bin/../lib/gcc/arm-none-eabi/10.3.1/thumb/v7e-m+fp/softfp/crtbegin.o
 .init_array    0x0000000000000000        0x4 /usr/local/share/gcc-arm-none-eabi-10.3-2021.10/bin/../lib/gcc/arm-none-eabi/10.3.1/thumb/v7e-m+fp/softfp/crtbegin.o
 .fini_array    0x0000000000000000        0x4 /usr/local/share/gcc-arm-none-eabi-10.3-2021.10/bin/../lib/gcc/arm-none-eabi/10.3.1/thumb/v7e-m+fp/softfp/crtbegin.o
 .eh_frame      0x0000000000000000        0x0 /usr/local/share/gcc-arm-none-eabi-10.3-2021.10/bin/../lib/gcc/arm-none-eabi/10.3.1/thumb/v7e-m+fp/softfp/crtbegin.o
 .ARM.attributes
                0x0000000000000000       0x32 /usr/local/share/gcc-arm-none-eabi-10.3-2021.10/bin/../lib/gcc/arm-none-eabi/10.3.1/thumb/v7e-m+fp/softfp/crtbegin.o
 .text          0x0000000000000000       0x7c /usr/local/share/gcc-arm-none-eabi-10.3-2021.10/bin/../lib/gcc/arm-none-eabi/10.3.1/../../../../arm-none-eabi/lib/thumb/v7e-m+fp/softfp/crt0.o
 .data          0x0000000000000000        0x0 /usr/local/share/gcc-arm-none-eabi-10.3-2021.10/bin/../lib/gcc/arm-none-eabi/10.3.1/../../../../arm-none-eabi/lib/thumb/v7e-m+fp/softfp/crt0.o
 .bss           0x0000000000000000        0x0 /usr/local/share/gcc-arm-none-eabi-10.3-2021.10/bin/../lib/gcc/arm-none-eabi/10.3.1/../../../../arm-none-eabi/lib/thumb/v7e-m+fp/softfp/crt0.o
 .ARM.extab     0x0000000000000000        0x0 /usr/local/share/gcc-arm-none-eabi-10.3-2021.10/bin/../lib/gcc/arm-none-eabi/10.3.1/../../../../arm-none-eabi/lib/thumb/v7e-m+fp/softfp/crt0.o
 .ARM.exidx     0x0000000000000000       0x10 /usr/local/share/gcc-arm-none-eabi-10.3-2021.10/bin/../lib/gcc/arm-none-eabi/10.3.1/../../../../arm-none-eabi/lib/thumb/v7e-m+fp/softfp/crt0.o
 .ARM.attributes
                0x0000000000000000       0x1c /usr/local/share/gcc-arm-none-eabi-10.3-2021.10/bin/../lib/gcc/arm-none-eabi/10.3.1/../../../../arm-none-eabi/lib/thumb/v7e-m+fp/softfp/crt0.o
 .group         0x0000000000000000        0xc build/obj/src/bsp_GJ.o
 .group         0x0000000000000000        0xc build/obj/src/bsp_GJ.o
 .group         0x0000000000000000        0xc build/obj/src/bsp_GJ.o
 .group         0x0000000000000000        0xc build/obj/src/bsp_GJ.o
 .group         0x0000000000000000        0xc build/obj/src/bsp_GJ.o
 .group         0x0000000000000000        0xc build/obj/src/bsp_GJ.o
 .group         0x0000000000000000        0xc build/obj/src/bsp_GJ.o
 .group         0x0000000000000000        0xc build/obj/src/bsp_GJ.o
 .group         0x0000000000000000        0xc build/obj/src/bsp_GJ.o
 .group         0x0000000000000000        0xc build/obj/src/bsp_GJ.o
 .group         0x0000000000000000        0xc build/obj/src/bsp_GJ.o
 .group         0x0000000000000000        0xc build/obj/src/bsp_GJ.o
 .group         0x0000000000000000        0xc build/obj/src/bsp_GJ.o
 .group         0x0000000000000000        0xc build/obj/src/bsp_GJ.o
 .group         0x0000000000000000        0xc build/obj/src/bsp_GJ.o
 .group         0x0000000000000000        0xc build/obj/src/bsp_GJ.o
 .group         0x0000000000000000        0xc build/obj/src/bsp_GJ.o
 .group         0x0000000000000000        0xc build/obj/src/bsp_GJ.o
 .group         0x0000000000000000        0xc build/obj/src/bsp_GJ.o
 .group         0x0000000000000000        0xc build/obj/src/bsp_GJ.o
 .group         0x0000000000000000        0xc build/obj/src/bsp_GJ.o
 .group         0x0000000000000000        0xc build/obj/src/bsp_GJ.o
 .group         0x0000000000000000        0xc build/obj/src/bsp_GJ.o
 .group         0x0000000000000000        0xc build/obj/src/bsp_GJ.o
 .group         0x0000000000000000        0xc build/obj/src/bsp_GJ.o
 .group         0x0000000000000000        0xc build/obj/src/bsp_GJ.o
 .group         0x0000000000000000        0xc build/obj/src/bsp_GJ.o
 .group         0x0000000000000000        0xc build/obj/src/bsp_GJ.o
 .group         0x0000000000000000        0xc build/obj/src/bsp_GJ.o
 .group         0x0000000000000000        0xc build/obj/src/bsp_GJ.o
 .group         0x0000000000000000        0xc build/obj/src/bsp_GJ.o
 .group         0x0000000000000000        0xc build/obj/src/bsp_GJ.o
 .group         0x0000000000000000        0xc build/obj/src/bsp_GJ.o
 .group         0x0000000000000000        0xc build/obj/src/bsp_GJ.o
 .group         0x0000000000000000        0xc build/obj/src/bsp_GJ.o
 .group         0x0000000000000000        0xc build/obj/src/bsp_GJ.o
 .group         0x0000000000000000        0xc build/obj/src/bsp_GJ.o
 .group         0x0000000000000000        0xc build/obj/src/bsp_GJ.o
 .group         0x0000000000000000        0xc build/obj/src/bsp_GJ.o
 .group         0x0000000000000000        0xc build/obj/src/bsp_GJ.o
 .group         0x0000000000000000        0xc build/obj/src/bsp_GJ.o
 .group         0x0000000000000000        0xc build/obj/src/bsp_GJ.o
 .group         0x0000000000000000        0xc build/obj/src/bsp_GJ.o
 .group         0x0000000000000000        0xc build/obj/src/bsp_GJ.o
 .group         0x0000000000000000        0xc build/obj/src/bsp_GJ.o
 .group         0x0000000000000000        0xc build/obj/src/bsp_GJ.o
 .group         0x0000000000000000        0xc build/obj/src/bsp_GJ.o
 .group         0x0000000000000000        0xc build/obj/src/bsp_GJ.o
 .group         0x0000000000000000        0xc build/obj/src/bsp_GJ.o
 .group         0x0000000000000000        0xc build/obj/src/bsp_GJ.o
 .group         0x0000000000000000        0xc build/obj/src/bsp_GJ.o
 .group         0x0000000000000000        0xc build/obj/src/bsp_GJ.o
 .group         0x0000000000000000        0xc build/obj/src/bsp_GJ.o
 .group         0x0000000000000000        0xc build/obj/src/bsp_GJ.o
 .group         0x0000000000000000        0xc build/obj/src/bsp_GJ.o
 .group         0x0000000000000000        0xc build/obj/src/bsp_GJ.o
 .group         0x0000000000000000        0xc build/obj/src/bsp_GJ.o
 .text          0x0000000000000000        0x0 build/obj/src/bsp_GJ.o
 .data          0x0000000000000000        0x0 build/obj/src/bsp_GJ.o
 .bss           0x0000000000000000        0x0 build/obj/src/bsp_GJ.o
 .group         0x0000000000000000        0xc build/obj/src/digital_GJ.o
 .group         0x0000000000000000        0xc build/obj/src/digital_GJ.o
 .group         0x0000000000000000        0xc build/obj/src/digital_GJ.o
 .group         0x0000000000000000        0xc build/obj/src/digital_GJ.o
 .group         0x0000000000000000        0xc build/obj/src/digital_GJ.o
 .group         0x0000000000000000        0xc build/obj/src/digital_GJ.o
 .group         0x0000000000000000        0xc build/obj/src/digital_GJ.o
 .group         0x0000000000000000        0xc build/obj/src/digital_GJ.o
 .group         0x0000000000000000        0xc build/obj/src/digital_GJ.o
 .group         0x0000000000000000        0xc build/obj/src/digital_GJ.o
 .group         0x0000000000000000        0xc build/obj/src/digital_GJ.o
 .group         0x0000000000000000        0xc build/obj/src/digital_GJ.o
 .group         0x0000000000000000        0xc build/obj/src/digital_GJ.o
 .group         0x0000000000000000        0xc build/obj/src/digital_GJ.o
 .group         0x0000000000000000        0xc build/obj/src/digital_GJ.o
 .group         0x0000000000000000        0xc build/obj/src/digital_GJ.o
 .group         0x0000000000000000        0xc build/obj/src/digital_GJ.o
 .group         0x0000000000000000        0xc build/obj/src/digital_GJ.o
 .group         0x0000000000000000        0xc build/obj/src/digital_GJ.o
 .group         0x0000000000000000        0xc build/obj/src/digital_GJ.o
 .group         0x0000000000000000        0xc build/obj/src/digital_GJ.o
 .group         0x0000000000000000        0xc build/obj/src/digital_GJ.o
 .group         0x0000000000000000        0xc build/obj/src/digital_GJ.o
 .group         0x0000000000000000        0xc build/obj/src/digital_GJ.o
 .group         0x0000000000000000        0xc build/obj/src/digital_GJ.o
 .group         0x0000000000000000        0xc build/obj/src/digital_GJ.o
 .group         0x0000000000000000        0xc build/obj/src/digital_GJ.o
 .group         0x0000000000000000        0xc build/obj/src/digital_GJ.o
 .group         0x0000000000000000        0xc build/obj/src/digital_GJ.o
 .group         0x0000000000000000        0xc build/obj/src/digital_GJ.o
 .group         0x0000000000000000        0xc build/obj/src/digital_GJ.o
 .group         0x0000000000000000        0xc build/obj/src/digital_GJ.o
 .group         0x0000000000000000        0xc build/obj/src/digital_GJ.o
 .group         0x0000000000000000        0xc build/obj/src/digital_GJ.o
 .group         0x0000000000000000        0xc build/obj/src/digital_GJ.o
 .group         0x0000000000000000        0xc build/obj/src/digital_GJ.o
 .group         0x0000000000000000        0xc build/obj/src/digital_GJ.o
 .group         0x0000000000000000        0xc build/obj/src/digital_GJ.o
 .group         0x0000000000000000        0xc build/obj/src/digital_GJ.o
 .group         0x0000000000000000        0xc build/obj/src/digital_GJ.o
 .group         0x0000000000000000        0xc build/obj/src/digital_GJ.o
 .group         0x0000000000000000        0xc build/obj/src/digital_GJ.o
 .group         0x0000000000000000        0xc build/obj/src/digital_GJ.o
 .group         0x0000000000000000        0xc build/obj/src/digital_GJ.o
 .group         0x0000000000000000        0xc build/obj/src/digital_GJ.o
 .group         0x0000000000000000        0xc build/obj/src/digital_GJ.o
 .group         0x0000000000000000        0xc build/obj/src/digital_GJ.o
 .group         0x0000000000000000        0xc build/obj/src/digital_GJ.o
 .group         0x0000000000000000        0xc build/obj/src/digital_GJ.o
 .group         0x0000000000000000        0xc build/obj/src/digital_GJ.o
 .group         0x0000000000000000        0xc build/obj/src/digital_GJ.o
 .group         0x0000000000000000        0xc build/obj/src/digital_GJ.o
 .group         0x0000000000000000        0xc build/obj/src/digital_GJ.o
 .group         0x0000000000000000        0xc build/obj/src/digital_GJ.o
 .group         0x0000000000000000        0xc build/obj/src/digital_GJ.o
 .group         0x0000000000000000        0xc build/obj/src/digital_GJ.o
 .group         0x0000000000000000        0xc build/obj/src/digital_GJ.o
 .group         0x0000000000000000        0xc build/obj/src/digital_GJ.o
 .group         0x0000000000000000        0xc build/obj/src/digital_GJ.o
 .group         0x0000000000000000        0xc build/obj/src/digital_GJ.o
 .group         0x0000000000000000        0xc build/obj/src/digital_GJ.o
 .group         0x0000000000000000        0xc build/obj/src/digital_GJ.o
 .group         0x0000000000000000        0xc build/obj/src/digital_GJ.o
 .group         0x0000000000000000        0xc build/obj/src/digital_GJ.o
 .group         0x0000000000000000        0xc build/obj/src/digital_GJ.o
 .group         0x0000000000000000        0xc build/obj/src/digital_GJ.o
 .group         0x0000000000000000        0xc build/obj/src/digital_GJ.o
 .group         0x0000000000000000        0xc build/obj/src/digital_GJ.o
 .group         0x0000000000000000        0xc build/obj/src/digital_GJ.o
 .group         0x0000000000000000        0xc build/obj/src/digital_GJ.o
 .group         0x0000000000000000        0xc build/obj/src/digital_GJ.o
 .group         0x0000000000000000        0xc build/obj/src/digital_GJ.o
 .group         0x0000000000000000        0xc build/obj/src/digital_GJ.o
 .group         0x0000000000000000        0xc build/obj/src/digital_GJ.o
 .group         0x0000000000000000        0xc build/obj/src/digital_GJ.o
 .group         0x0000000000000000        0xc build/obj/src/digital_GJ.o
 .group         0x0000000000000000        0xc build/obj/src/digital_GJ.o
 .group         0x0000000000000000        0xc build/obj/src/digital_GJ.o
 .group         0x0000000000000000        0xc build/obj/src/digital_GJ.o
 .group         0x0000000000000000        0xc build/obj/src/digital_GJ.o
 .group         0x0000000000000000        0xc build/obj/src/digital_GJ.o
 .group         0x0000000000000000        0xc build/obj/src/digital_GJ.o
 .text          0x0000000000000000        0x0 build/obj/src/digital_GJ.o
 .data          0x0000000000000000        0x0 build/obj/src/digital_GJ.o
 .bss           0x0000000000000000        0x0 build/obj/src/digital_GJ.o
 .text.DigitalInput_HasChange
                0x0000000000000000       0x32 build/obj/src/digital_GJ.o
 .text.DigitalInput_HasDesactivate
                0x0000000000000000       0x4c build/obj/src/digital_GJ.o
 .debug_macro   0x0000000000000000      0xaba build/obj/src/digital_GJ.o
 .debug_macro   0x0000000000000000       0x22 build/obj/src/digital_GJ.o
 .debug_macro   0x0000000000000000       0x22 build/obj/src/digital_GJ.o
 .debug_macro   0x0000000000000000       0x6a build/obj/src/digital_GJ.o
 .debug_macro   0x0000000000000000      0x103 build/obj/src/digital_GJ.o
 .debug_macro   0x0000000000000000      0x1df build/obj/src/digital_GJ.o
 .debug_macro   0x0000000000000000       0x10 build/obj/src/digital_GJ.o
 .debug_macro   0x0000000000000000       0x10 build/obj/src/digital_GJ.o
 .debug_macro   0x0000000000000000       0x28 build/obj/src/digital_GJ.o
 .debug_macro   0x0000000000000000       0x1c build/obj/src/digital_GJ.o
 .debug_macro   0x0000000000000000       0x22 build/obj/src/digital_GJ.o
 .debug_macro   0x0000000000000000       0xfb build/obj/src/digital_GJ.o
 .debug_macro   0x0000000000000000     0x1011 build/obj/src/digital_GJ.o
 .debug_macro   0x0000000000000000      0x11f build/obj/src/digital_GJ.o
 .debug_macro   0x0000000000000000      0x2c3 build/obj/src/digital_GJ.o
 .debug_macro   0x0000000000000000      0x112 build/obj/src/digital_GJ.o
 .debug_macro   0x0000000000000000       0x11 build/obj/src/digital_GJ.o
 .debug_macro   0x0000000000000000       0x2a build/obj/src/digital_GJ.o
 .debug_macro   0x0000000000000000       0x16 build/obj/src/digital_GJ.o
 .debug_macro   0x0000000000000000      0x2e6 build/obj/src/digital_GJ.o
 .debug_macro   0x0000000000000000       0x82 build/obj/src/digital_GJ.o
 .debug_macro   0x0000000000000000      0x13d build/obj/src/digital_GJ.o
 .debug_macro   0x0000000000000000      0x198 build/obj/src/digital_GJ.o
 .debug_macro   0x0000000000000000       0x34 build/obj/src/digital_GJ.o
 .debug_macro   0x0000000000000000       0x58 build/obj/src/digital_GJ.o
 .debug_macro   0x0000000000000000      0x236 build/obj/src/digital_GJ.o
 .debug_macro   0x0000000000000000      0x572 build/obj/src/digital_GJ.o
 .debug_macro   0x0000000000000000       0x16 build/obj/src/digital_GJ.o
 .debug_macro   0x0000000000000000      0x18a build/obj/src/digital_GJ.o
 .debug_macro   0x0000000000000000       0x88 build/obj/src/digital_GJ.o
 .debug_macro   0x0000000000000000      0x1b9 build/obj/src/digital_GJ.o
 .debug_macro   0x0000000000000000      0x1da build/obj/src/digital_GJ.o
 .debug_macro   0x0000000000000000       0x40 build/obj/src/digital_GJ.o
 .debug_macro   0x0000000000000000       0x1c build/obj/src/digital_GJ.o
 .debug_macro   0x0000000000000000       0x2e build/obj/src/digital_GJ.o
 .debug_macro   0x0000000000000000       0x2e build/obj/src/digital_GJ.o
 .debug_macro   0x0000000000000000       0x22 build/obj/src/digital_GJ.o
 .debug_macro   0x0000000000000000      0x201 build/obj/src/digital_GJ.o
 .debug_macro   0x0000000000000000       0xe0 build/obj/src/digital_GJ.o
 .debug_macro   0x0000000000000000      0x34c build/obj/src/digital_GJ.o
 .debug_macro   0x0000000000000000       0xdc build/obj/src/digital_GJ.o
 .debug_macro   0x0000000000000000       0xc4 build/obj/src/digital_GJ.o
 .debug_macro   0x0000000000000000       0x8f build/obj/src/digital_GJ.o
 .debug_macro   0x0000000000000000       0x94 build/obj/src/digital_GJ.o
 .debug_macro   0x0000000000000000       0xb8 build/obj/src/digital_GJ.o
 .debug_macro   0x0000000000000000       0x4c build/obj/src/digital_GJ.o
 .debug_macro   0x0000000000000000       0x16 build/obj/src/digital_GJ.o
 .debug_macro   0x0000000000000000      0x328 build/obj/src/digital_GJ.o
 .debug_macro   0x0000000000000000       0x3a build/obj/src/digital_GJ.o
 .debug_macro   0x0000000000000000       0xd0 build/obj/src/digital_GJ.o
 .debug_macro   0x0000000000000000       0x22 build/obj/src/digital_GJ.o
 .debug_macro   0x0000000000000000       0x40 build/obj/src/digital_GJ.o
 .group         0x0000000000000000        0xc build/obj/src/main.o
 .group         0x0000000000000000        0xc build/obj/src/main.o
 .group         0x0000000000000000        0xc build/obj/src/main.o
 .group         0x0000000000000000        0xc build/obj/src/main.o
 .group         0x0000000000000000        0xc build/obj/src/main.o
 .group         0x0000000000000000        0xc build/obj/src/main.o
 .group         0x0000000000000000        0xc build/obj/src/main.o
 .group         0x0000000000000000        0xc build/obj/src/main.o
 .group         0x0000000000000000        0xc build/obj/src/main.o
 .group         0x0000000000000000        0xc build/obj/src/main.o
 .group         0x0000000000000000        0xc build/obj/src/main.o
 .group         0x0000000000000000        0xc build/obj/src/main.o
 .group         0x0000000000000000        0xc build/obj/src/main.o
 .group         0x0000000000000000        0xc build/obj/src/main.o
 .group         0x0000000000000000        0xc build/obj/src/main.o
 .group         0x0000000000000000        0xc build/obj/src/main.o
 .group         0x0000000000000000        0xc build/obj/src/main.o
 .group         0x0000000000000000        0xc build/obj/src/main.o
 .group         0x0000000000000000        0xc build/obj/src/main.o
 .group         0x0000000000000000        0xc build/obj/src/main.o
 .group         0x0000000000000000        0xc build/obj/src/main.o
 .group         0x0000000000000000        0xc build/obj/src/main.o
 .group         0x0000000000000000        0xc build/obj/src/main.o
 .group         0x0000000000000000        0xc build/obj/src/main.o
 .group         0x0000000000000000        0xc build/obj/src/main.o
 .group         0x0000000000000000        0xc build/obj/src/main.o
 .group         0x0000000000000000        0xc build/obj/src/main.o
 .group         0x0000000000000000        0xc build/obj/src/main.o
 .group         0x0000000000000000        0xc build/obj/src/main.o
 .group         0x0000000000000000        0xc build/obj/src/main.o
 .group         0x0000000000000000        0xc build/obj/src/main.o
 .group         0x0000000000000000        0xc build/obj/src/main.o
 .group         0x0000000000000000        0xc build/obj/src/main.o
 .group         0x0000000000000000        0xc build/obj/src/main.o
 .group         0x0000000000000000        0xc build/obj/src/main.o
 .group         0x0000000000000000        0xc build/obj/src/main.o
 .group         0x0000000000000000        0xc build/obj/src/main.o
 .group         0x0000000000000000        0xc build/obj/src/main.o
 .group         0x0000000000000000        0xc build/obj/src/main.o
 .group         0x0000000000000000        0xc build/obj/src/main.o
 .group         0x0000000000000000        0xc build/obj/src/main.o
 .group         0x0000000000000000        0xc build/obj/src/main.o
 .group         0x0000000000000000        0xc build/obj/src/main.o
 .group         0x0000000000000000        0xc build/obj/src/main.o
 .group         0x0000000000000000        0xc build/obj/src/main.o
 .group         0x0000000000000000        0xc build/obj/src/main.o
 .group         0x0000000000000000        0xc build/obj/src/main.o
 .group         0x0000000000000000        0xc build/obj/src/main.o
 .group         0x0000000000000000        0xc build/obj/src/main.o
 .group         0x0000000000000000        0xc build/obj/src/main.o
 .group         0x0000000000000000        0xc build/obj/src/main.o
 .group         0x0000000000000000        0xc build/obj/src/main.o
 .group         0x0000000000000000        0xc build/obj/src/main.o
 .group         0x0000000000000000        0xc build/obj/src/main.o
 .group         0x0000000000000000        0xc build/obj/src/main.o
 .group         0x0000000000000000        0xc build/obj/src/main.o
 .group         0x0000000000000000        0xc build/obj/src/main.o
 .text          0x0000000000000000        0x0 build/obj/src/main.o
 .data          0x0000000000000000        0x0 build/obj/src/main.o
 .bss           0x0000000000000000        0x0 build/obj/src/main.o
 .debug_macro   0x0000000000000000      0xaba build/obj/src/main.o
 .debug_macro   0x0000000000000000       0x10 build/obj/src/main.o
 .debug_macro   0x0000000000000000       0x22 build/obj/src/main.o
 .debug_macro   0x0000000000000000       0x8e build/obj/src/main.o
 .debug_macro   0x0000000000000000       0x51 build/obj/src/main.o
 .debug_macro   0x0000000000000000      0x103 build/obj/src/main.o
 .debug_macro   0x0000000000000000       0x6a build/obj/src/main.o
 .debug_macro   0x0000000000000000      0x1df build/obj/src/main.o
 .debug_macro   0x0000000000000000       0x22 build/obj/src/main.o
 .debug_macro   0x0000000000000000       0x73 build/obj/src/main.o
 .debug_macro   0x0000000000000000       0x28 build/obj/src/main.o
 .debug_macro   0x0000000000000000       0x1c build/obj/src/main.o
 .debug_macro   0x0000000000000000       0x22 build/obj/src/main.o
 .debug_macro   0x0000000000000000       0xfb build/obj/src/main.o
 .debug_macro   0x0000000000000000     0x1011 build/obj/src/main.o
 .debug_macro   0x0000000000000000      0x11f build/obj/src/main.o
 .debug_macro   0x0000000000000000      0x2c3 build/obj/src/main.o
 .debug_macro   0x0000000000000000      0x112 build/obj/src/main.o
 .debug_macro   0x0000000000000000       0x11 build/obj/src/main.o
 .debug_macro   0x0000000000000000       0x2a build/obj/src/main.o
 .debug_macro   0x0000000000000000       0x16 build/obj/src/main.o
 .debug_macro   0x0000000000000000      0x2e6 build/obj/src/main.o
 .debug_macro   0x0000000000000000       0x82 build/obj/src/main.o
 .debug_macro   0x0000000000000000      0x13d build/obj/src/main.o
 .debug_macro   0x0000000000000000      0x198 build/obj/src/main.o
 .debug_macro   0x0000000000000000       0x34 build/obj/src/main.o
 .debug_macro   0x0000000000000000       0x58 build/obj/src/main.o
 .debug_macro   0x0000000000000000      0x236 build/obj/src/main.o
 .debug_macro   0x0000000000000000      0x572 build/obj/src/main.o
 .debug_macro   0x0000000000000000       0x16 build/obj/src/main.o
 .debug_macro   0x0000000000000000      0x18a build/obj/src/main.o
 .debug_macro   0x0000000000000000       0x88 build/obj/src/main.o
 .debug_macro   0x0000000000000000      0x1b9 build/obj/src/main.o
 .debug_macro   0x0000000000000000      0x1da build/obj/src/main.o
 .debug_macro   0x0000000000000000       0x40 build/obj/src/main.o
 .debug_macro   0x0000000000000000       0x1c build/obj/src/main.o
 .debug_macro   0x0000000000000000       0x2e build/obj/src/main.o
 .debug_macro   0x0000000000000000       0x2e build/obj/src/main.o
 .debug_macro   0x0000000000000000       0x22 build/obj/src/main.o
 .debug_macro   0x0000000000000000      0x201 build/obj/src/main.o
 .debug_macro   0x0000000000000000       0xe0 build/obj/src/main.o
 .debug_macro   0x0000000000000000      0x34c build/obj/src/main.o
 .debug_macro   0x0000000000000000       0xdc build/obj/src/main.o
 .debug_macro   0x0000000000000000       0xc4 build/obj/src/main.o
 .debug_macro   0x0000000000000000       0x8f build/obj/src/main.o
 .debug_macro   0x0000000000000000       0x94 build/obj/src/main.o
 .debug_macro   0x0000000000000000       0xb8 build/obj/src/main.o
 .debug_macro   0x0000000000000000       0x4c build/obj/src/main.o
 .debug_macro   0x0000000000000000       0x16 build/obj/src/main.o
 .debug_macro   0x0000000000000000      0x328 build/obj/src/main.o
 .debug_macro   0x0000000000000000       0x3a build/obj/src/main.o
 .debug_macro   0x0000000000000000       0xd0 build/obj/src/main.o
 .debug_macro   0x0000000000000000       0x18 build/obj/src/main.o
 .debug_macro   0x0000000000000000       0x22 build/obj/src/main.o
 .debug_macro   0x0000000000000000       0x40 build/obj/src/main.o
 .debug_macro   0x0000000000000000       0x10 build/obj/src/main.o
 .debug_macro   0x0000000000000000      0x130 build/obj/src/main.o
 .group         0x0000000000000000        0xc build/obj/external/base/soc/lpc43xx/startup/cr_startup_lpc43xx.o
 .text          0x0000000000000000        0x0 build/obj/external/base/soc/lpc43xx/startup/cr_startup_lpc43xx.o
 .data          0x0000000000000000        0x0 build/obj/external/base/soc/lpc43xx/startup/cr_startup_lpc43xx.o
 .bss           0x0000000000000000        0x0 build/obj/external/base/soc/lpc43xx/startup/cr_startup_lpc43xx.o
 .debug_macro   0x0000000000000000      0xaba build/obj/external/base/soc/lpc43xx/startup/cr_startup_lpc43xx.o
 .text          0x0000000000000000        0x0 /usr/local/share/gcc-arm-none-eabi-10.3-2021.10/bin/../lib/gcc/arm-none-eabi/10.3.1/../../../../arm-none-eabi/lib/thumb/v7e-m+fp/softfp/libc_nano.a(lib_a-exit.o)
 .data          0x0000000000000000        0x0 /usr/local/share/gcc-arm-none-eabi-10.3-2021.10/bin/../lib/gcc/arm-none-eabi/10.3.1/../../../../arm-none-eabi/lib/thumb/v7e-m+fp/softfp/libc_nano.a(lib_a-exit.o)
 .bss           0x0000000000000000        0x0 /usr/local/share/gcc-arm-none-eabi-10.3-2021.10/bin/../lib/gcc/arm-none-eabi/10.3.1/../../../../arm-none-eabi/lib/thumb/v7e-m+fp/softfp/libc_nano.a(lib_a-exit.o)
 .text.exit     0x0000000000000000       0x28 /usr/local/share/gcc-arm-none-eabi-10.3-2021.10/bin/../lib/gcc/arm-none-eabi/10.3.1/../../../../arm-none-eabi/lib/thumb/v7e-m+fp/softfp/libc_nano.a(lib_a-exit.o)
 .debug_frame   0x0000000000000000       0x28 /usr/local/share/gcc-arm-none-eabi-10.3-2021.10/bin/../lib/gcc/arm-none-eabi/10.3.1/../../../../arm-none-eabi/lib/thumb/v7e-m+fp/softfp/libc_nano.a(lib_a-exit.o)
 .ARM.attributes
                0x0000000000000000       0x32 /usr/local/share/gcc-arm-none-eabi-10.3-2021.10/bin/../lib/gcc/arm-none-eabi/10.3.1/../../../../arm-none-eabi/lib/thumb/v7e-m+fp/softfp/libc_nano.a(lib_a-exit.o)
 .text          0x0000000000000000        0x0 /usr/local/share/gcc-arm-none-eabi-10.3-2021.10/bin/../lib/gcc/arm-none-eabi/10.3.1/../../../../arm-none-eabi/lib/thumb/v7e-m+fp/softfp/libc_nano.a(lib_a-impure.o)
 .data          0x0000000000000000        0x0 /usr/local/share/gcc-arm-none-eabi-10.3-2021.10/bin/../lib/gcc/arm-none-eabi/10.3.1/../../../../arm-none-eabi/lib/thumb/v7e-m+fp/softfp/libc_nano.a(lib_a-impure.o)
 .bss           0x0000000000000000        0x0 /usr/local/share/gcc-arm-none-eabi-10.3-2021.10/bin/../lib/gcc/arm-none-eabi/10.3.1/../../../../arm-none-eabi/lib/thumb/v7e-m+fp/softfp/libc_nano.a(lib_a-impure.o)
 .data._impure_ptr
                0x0000000000000000        0x4 /usr/local/share/gcc-arm-none-eabi-10.3-2021.10/bin/../lib/gcc/arm-none-eabi/10.3.1/../../../../arm-none-eabi/lib/thumb/v7e-m+fp/softfp/libc_nano.a(lib_a-impure.o)
 .data.impure_data
                0x0000000000000000       0x60 /usr/local/share/gcc-arm-none-eabi-10.3-2021.10/bin/../lib/gcc/arm-none-eabi/10.3.1/../../../../arm-none-eabi/lib/thumb/v7e-m+fp/softfp/libc_nano.a(lib_a-impure.o)
 .rodata._global_impure_ptr
                0x0000000000000000        0x4 /usr/local/share/gcc-arm-none-eabi-10.3-2021.10/bin/../lib/gcc/arm-none-eabi/10.3.1/../../../../arm-none-eabi/lib/thumb/v7e-m+fp/softfp/libc_nano.a(lib_a-impure.o)
 .ARM.attributes
                0x0000000000000000       0x32 /usr/local/share/gcc-arm-none-eabi-10.3-2021.10/bin/../lib/gcc/arm-none-eabi/10.3.1/../../../../arm-none-eabi/lib/thumb/v7e-m+fp/softfp/libc_nano.a(lib_a-impure.o)
 .text          0x0000000000000000        0x0 /usr/local/share/gcc-arm-none-eabi-10.3-2021.10/bin/../lib/gcc/arm-none-eabi/10.3.1/../../../../arm-none-eabi/lib/thumb/v7e-m+fp/softfp/libc_nano.a(lib_a-init.o)
 .data          0x0000000000000000        0x0 /usr/local/share/gcc-arm-none-eabi-10.3-2021.10/bin/../lib/gcc/arm-none-eabi/10.3.1/../../../../arm-none-eabi/lib/thumb/v7e-m+fp/softfp/libc_nano.a(lib_a-init.o)
 .bss           0x0000000000000000        0x0 /usr/local/share/gcc-arm-none-eabi-10.3-2021.10/bin/../lib/gcc/arm-none-eabi/10.3.1/../../../../arm-none-eabi/lib/thumb/v7e-m+fp/softfp/libc_nano.a(lib_a-init.o)
 .text.__libc_init_array
                0x0000000000000000       0x48 /usr/local/share/gcc-arm-none-eabi-10.3-2021.10/bin/../lib/gcc/arm-none-eabi/10.3.1/../../../../arm-none-eabi/lib/thumb/v7e-m+fp/softfp/libc_nano.a(lib_a-init.o)
 .debug_frame   0x0000000000000000       0x2c /usr/local/share/gcc-arm-none-eabi-10.3-2021.10/bin/../lib/gcc/arm-none-eabi/10.3.1/../../../../arm-none-eabi/lib/thumb/v7e-m+fp/softfp/libc_nano.a(lib_a-init.o)
 .ARM.attributes
                0x0000000000000000       0x32 /usr/local/share/gcc-arm-none-eabi-10.3-2021.10/bin/../lib/gcc/arm-none-eabi/10.3.1/../../../../arm-none-eabi/lib/thumb/v7e-m+fp/softfp/libc_nano.a(lib_a-init.o)
 .text          0x0000000000000000        0x0 /usr/local/share/gcc-arm-none-eabi-10.3-2021.10/bin/../lib/gcc/arm-none-eabi/10.3.1/../../../../arm-none-eabi/lib/thumb/v7e-m+fp/softfp/libc_nano.a(lib_a-memset.o)
 .data          0x0000000000000000        0x0 /usr/local/share/gcc-arm-none-eabi-10.3-2021.10/bin/../lib/gcc/arm-none-eabi/10.3.1/../../../../arm-none-eabi/lib/thumb/v7e-m+fp/softfp/libc_nano.a(lib_a-memset.o)
 .bss           0x0000000000000000        0x0 /usr/local/share/gcc-arm-none-eabi-10.3-2021.10/bin/../lib/gcc/arm-none-eabi/10.3.1/../../../../arm-none-eabi/lib/thumb/v7e-m+fp/softfp/libc_nano.a(lib_a-memset.o)
 .text.memset   0x0000000000000000       0x10 /usr/local/share/gcc-arm-none-eabi-10.3-2021.10/bin/../lib/gcc/arm-none-eabi/10.3.1/../../../../arm-none-eabi/lib/thumb/v7e-m+fp/softfp/libc_nano.a(lib_a-memset.o)
 .debug_frame   0x0000000000000000       0x20 /usr/local/share/gcc-arm-none-eabi-10.3-2021.10/bin/../lib/gcc/arm-none-eabi/10.3.1/../../../../arm-none-eabi/lib/thumb/v7e-m+fp/softfp/libc_nano.a(lib_a-memset.o)
 .ARM.attributes
                0x0000000000000000       0x32 /usr/local/share/gcc-arm-none-eabi-10.3-2021.10/bin/../lib/gcc/arm-none-eabi/10.3.1/../../../../arm-none-eabi/lib/thumb/v7e-m+fp/softfp/libc_nano.a(lib_a-memset.o)
 .text          0x0000000000000000        0x0 /usr/local/share/gcc-arm-none-eabi-10.3-2021.10/bin/../lib/gcc/arm-none-eabi/10.3.1/../../../../arm-none-eabi/lib/thumb/v7e-m+fp/softfp/libnosys.a(_exit.o)
 .data          0x0000000000000000        0x0 /usr/local/share/gcc-arm-none-eabi-10.3-2021.10/bin/../lib/gcc/arm-none-eabi/10.3.1/../../../../arm-none-eabi/lib/thumb/v7e-m+fp/softfp/libnosys.a(_exit.o)
 .bss           0x0000000000000000        0x0 /usr/local/share/gcc-arm-none-eabi-10.3-2021.10/bin/../lib/gcc/arm-none-eabi/10.3.1/../../../../arm-none-eabi/lib/thumb/v7e-m+fp/softfp/libnosys.a(_exit.o)
 .text._exit    0x0000000000000000        0x4 /usr/local/share/gcc-arm-none-eabi-10.3-2021.10/bin/../lib/gcc/arm-none-eabi/10.3.1/../../../../arm-none-eabi/lib/thumb/v7e-m+fp/softfp/libnosys.a(_exit.o)
 .debug_frame   0x0000000000000000       0x20 /usr/local/share/gcc-arm-none-eabi-10.3-2021.10/bin/../lib/gcc/arm-none-eabi/10.3.1/../../../../arm-none-eabi/lib/thumb/v7e-m+fp/softfp/libnosys.a(_exit.o)
 .ARM.attributes
                0x0000000000000000       0x32 /usr/local/share/gcc-arm-none-eabi-10.3-2021.10/bin/../lib/gcc/arm-none-eabi/10.3.1/../../../../arm-none-eabi/lib/thumb/v7e-m+fp/softfp/libnosys.a(_exit.o)
 .text          0x0000000000000000        0x0 /usr/local/share/gcc-arm-none-eabi-10.3-2021.10/bin/../lib/gcc/arm-none-eabi/10.3.1/thumb/v7e-m+fp/softfp/crtend.o
 .data          0x0000000000000000        0x0 /usr/local/share/gcc-arm-none-eabi-10.3-2021.10/bin/../lib/gcc/arm-none-eabi/10.3.1/thumb/v7e-m+fp/softfp/crtend.o
 .bss           0x0000000000000000        0x0 /usr/local/share/gcc-arm-none-eabi-10.3-2021.10/bin/../lib/gcc/arm-none-eabi/10.3.1/thumb/v7e-m+fp/softfp/crtend.o
 .rodata        0x0000000000000000       0x24 /usr/local/share/gcc-arm-none-eabi-10.3-2021.10/bin/../lib/gcc/arm-none-eabi/10.3.1/thumb/v7e-m+fp/softfp/crtend.o
 .eh_frame      0x0000000000000000        0x4 /usr/local/share/gcc-arm-none-eabi-10.3-2021.10/bin/../lib/gcc/arm-none-eabi/10.3.1/thumb/v7e-m+fp/softfp/crtend.o
 .ARM.attributes
                0x0000000000000000       0x32 /usr/local/share/gcc-arm-none-eabi-10.3-2021.10/bin/../lib/gcc/arm-none-eabi/10.3.1/thumb/v7e-m+fp/softfp/crtend.o
 .text          0x0000000000000000        0x0 /usr/local/share/gcc-arm-none-eabi-10.3-2021.10/bin/../lib/gcc/arm-none-eabi/10.3.1/thumb/v7e-m+fp/softfp/crtn.o
 .data          0x0000000000000000        0x0 /usr/local/share/gcc-arm-none-eabi-10.3-2021.10/bin/../lib/gcc/arm-none-eabi/10.3.1/thumb/v7e-m+fp/softfp/crtn.o
 .bss           0x0000000000000000        0x0 /usr/local/share/gcc-arm-none-eabi-10.3-2021.10/bin/../lib/gcc/arm-none-eabi/10.3.1/thumb/v7e-m+fp/softfp/crtn.o
 .init          0x0000000000000000        0x8 /usr/local/share/gcc-arm-none-eabi-10.3-2021.10/bin/../lib/gcc/arm-none-eabi/10.3.1/thumb/v7e-m+fp/softfp/crtn.o
 .fini          0x0000000000000000        0x8 /usr/local/share/gcc-arm-none-eabi-10.3-2021.10/bin/../lib/gcc/arm-none-eabi/10.3.1/thumb/v7e-m+fp/softfp/crtn.o
 .ARM.attributes
                0x0000000000000000       0x1e /usr/local/share/gcc-arm-none-eabi-10.3-2021.10/bin/../lib/gcc/arm-none-eabi/10.3.1/thumb/v7e-m+fp/softfp/crtn.o

Memory Configuration

Name             Origin             Length             Attributes
MFlashA512       0x000000001a000000 0x0000000000080000 xr
MFlashB512       0x000000001b000000 0x0000000000080000 xr
RamLoc32         0x0000000010000000 0x0000000000008000 xrw
RamLoc40         0x0000000010080000 0x000000000000a000 xrw
RamAHB32         0x0000000020000000 0x0000000000008000 xrw
RamAHB16         0x0000000020008000 0x0000000000004000 xrw
RamAHB_ETB16     0x000000002000c000 0x0000000000004000 xrw
*default*        0x0000000000000000 0xffffffffffffffff

Linker script and memory map

LOAD /usr/local/share/gcc-arm-none-eabi-10.3-2021.10/bin/../lib/gcc/arm-none-eabi/10.3.1/thumb/v7e-m+fp/softfp/crti.o
LOAD /usr/local/share/gcc-arm-none-eabi-10.3-2021.10/bin/../lib/gcc/arm-none-eabi/10.3.1/thumb/v7e-m+fp/softfp/crtbegin.o
LOAD /usr/local/share/gcc-arm-none-eabi-10.3-2021.10/bin/../lib/gcc/arm-none-eabi/10.3.1/../../../../arm-none-eabi/lib/thumb/v7e-m+fp/softfp/crt0.o
LOAD build/obj/src/bsp_GJ.o
LOAD build/obj/src/digital_GJ.o
LOAD build/obj/src/main.o
LOAD build/obj/external/base/soc/lpc43xx/startup/cr_startup_lpc43xx.o
LOAD build/lib/board/edu-ciaa-nxp.a
START GROUP
LOAD /usr/local/share/gcc-arm-none-eabi-10.3-2021.10/bin/../lib/gcc/arm-none-eabi/10.3.1/thumb/v7e-m+fp/softfp/libgcc.a
LOAD /usr/local/share/gcc-arm-none-eabi-10.3-2021.10/bin/../lib/gcc/arm-none-eabi/10.3.1/../../../../arm-none-eabi/lib/thumb/v7e-m+fp/softfp/libc_nano.a
END GROUP
START GROUP
LOAD /usr/local/share/gcc-arm-none-eabi-10.3-2021.10/bin/../lib/gcc/arm-none-eabi/10.3.1/thumb/v7e-m+fp/softfp/libgcc.a
LOAD /usr/local/share/gcc-arm-none-eabi-10.3-2021.10/bin/../lib/gcc/arm-none-eabi/10.3.1/../../../../arm-none-eabi/lib/thumb/v7e-m+fp/softfp/libc_nano.a
LOAD /usr/local/share/gcc-arm-none-eabi-10.3-2021.10/bin/../lib/gcc/arm-none-eabi/10.3.1/../../../../arm-none-eabi/lib/thumb/v7e-m+fp/softfp/libnosys.a
END GROUP
START GROUP
LOAD /usr/local/share/gcc-arm-none-eabi-10.3-2021.10/bin/../lib/gcc/arm-none-eabi/10.3.1/thumb/v7e-m+fp/softfp/libgcc.a
LOAD /usr/local/share/gcc-arm-none-eabi-10.3-2021.10/bin/../lib/gcc/arm-none-eabi/10.3.1/../../../../arm-none-eabi/lib/thumb/v7e-m+fp/softfp/libc_nano.a
LOAD /usr/local/share/gcc-arm-none-eabi-10.3-2021.10/bin/../lib/gcc/arm-none-eabi/10.3.1/../../../../arm-none-eabi/lib/thumb/v7e-m+fp/softfp/libnosys.a
END GROUP
LOAD /usr/local/share/gcc-arm-none-eabi-10.3-2021.10/bin/../lib/gcc/arm-none-eabi/10.3.1/thumb/v7e-m+fp/softfp/crtend.o
LOAD /usr/local/share/gcc-arm-none-eabi-10.3-2021.10/bin/../lib/gcc/arm-none-eabi/10.3.1/thumb/v7e-m+fp/softfp/crtn.o
                0x000000001a000000                __base_MFlashA512 = 0x1a000000
                0x000000001a000000                __base_Flash = 0x1a000000
                0x000000001a080000                __top_MFlashA512 = 0x1a080000
                0x000000001a080000                __top_Flash = 0x1a080000
                0x000000001b000000                __base_MFlashB512 = 0x1b000000
                0x000000001b000000                __base_Flash2 = 0x1b000000
                0x000000001b080000                __top_MFlashB512 = 0x1b080000
                0x000000001b080000                __top_Flash2 = 0x1b080000
                0x0000000010000000                __base_RamLoc32 = 0x10000000
                0x0000000010000000                __base_RAM = 0x10000000
                0x0000000010008000                __top_RamLoc32 = 0x10008000
                0x0000000010008000                __top_RAM = 0x10008000
                0x0000000010080000                __base_RamLoc40 = 0x10080000
                0x0000000010080000                __base_RAM2 = 0x10080000
                0x000000001008a000                __top_RamLoc40 = 0x1008a000
                0x000000001008a000                __top_RAM2 = 0x1008a000
                0x0000000020000000                __base_RamAHB32 = 0x20000000
                0x0000000020000000                __base_RAM3 = 0x20000000
                0x0000000020008000                __top_RamAHB32 = 0x20008000
                0x0000000020008000                __top_RAM3 = 0x20008000
                0x0000000020008000                __base_RamAHB16 = 0x20008000
                0x0000000020008000                __base_RAM4 = 0x20008000
                0x000000002000c000                __top_RamAHB16 = 0x2000c000
                0x000000002000c000                __top_RAM4 = 0x2000c000
                0x000000002000c000                __base_RamAHB_ETB16 = 0x2000c000
                0x000000002000c000                __base_RAM5 = 0x2000c000
                0x0000000020010000                __top_RamAHB_ETB16 = 0x20010000
                0x0000000020010000                __top_RAM5 = 0x20010000

.text_Flash2    0x000000001b000000        0x0
 FILL mask 0xff
 *(.text_Flash2*)
 *(.text_MFlashB512*)
 *(.text.$Flash2*)
 *(.text.$MFlashB512*)
 *(.rodata.$Flash2*)
 *(.rodata.$MFlashB512*)

.text           0x000000001a000000      0x234
 FILL mask 0xff
                0x000000001a000000                __vectors_start__ = ABSOLUTE (.)
 *(.isr_vector)
 .isr_vector    0x000000001a000000      0x114 build/obj/external/base/soc/lpc43xx/startup/cr_startup_lpc43xx.o
                0x000000001a000000                g_pfnVectors
                0x000000001a000114                . = ALIGN (0x4)
                0x000000001a000114                __section_table_start = .
                0x000000001a000114                __data_section_table = .
                0x000000001a000114        0x4 LONG 0x1a000a04 LOADADDR (.data)
                0x000000001a000118        0x4 LONG 0x10000000 ADDR (.data)
                0x000000001a00011c        0x4 LONG 0x0 SIZEOF (.data)
                0x000000001a000120        0x4 LONG 0x1a000a04 LOADADDR (.data_RAM2)
                0x000000001a000124        0x4 LONG 0x10080000 ADDR (.data_RAM2)
                0x000000001a000128        0x4 LONG 0x0 SIZEOF (.data_RAM2)
                0x000000001a00012c        0x4 LONG 0x1a000a04 LOADADDR (.data_RAM3)
                0x000000001a000130        0x4 LONG 0x20000000 ADDR (.data_RAM3)
                0x000000001a000134        0x4 LONG 0x0 SIZEOF (.data_RAM3)
                0x000000001a000138        0x4 LONG 0x1a000a04 LOADADDR (.data_RAM4)
                0x000000001a00013c        0x4 LONG 0x20008000 ADDR (.data_RAM4)
                0x000000001a000140        0x4 LONG 0x0 SIZEOF (.data_RAM4)
                0x000000001a000144        0x4 LONG 0x1a000a04 LOADADDR (.data_RAM5)
                0x000000001a000148        0x4 LONG 0x2000c000 ADDR (.data_RAM5)
                0x000000001a00014c        0x4 LONG 0x0 SIZEOF (.data_RAM5)
                0x000000001a000150                __data_section_table_end = .
                0x000000001a000150                __bss_section_table = .
                0x000000001a000150        0x4 LONG 0x10000000 ADDR (.bss)
                0x000000001a000154        0x4 LONG 0x40 SIZEOF (.bss)
                0x000000001a000158        0x4 LONG 0x10080000 ADDR (.bss_RAM2)
                0x000000001a00015c        0x4 LONG 0x0 SIZEOF (.bss_RAM2)
                0x000000001a000160        0x4 LONG 0x20000000 ADDR (.bss_RAM3)
                0x000000001a000164        0x4 LONG 0x0 SIZEOF (.bss_RAM3)
                0x000000001a000168        0x4 LONG 0x20008000 ADDR (.bss_RAM4)
                0x000000001a00016c        0x4 LONG 0x0 SIZEOF (.bss_RAM4)
                0x000000001a000170        0x4 LONG 0x2000c000 ADDR (.bss_RAM5)
                0x000000001a000174        0x4 LONG 0x0 SIZEOF (.bss_RAM5)
                0x000000001a000178                __bss_section_table_end = .
                0x000000001a000178                __section_table_end = .
 *(.after_vectors*)
 .after_vectors
                0x000000001a000178       0xbc build/obj/external/base/soc/lpc43xx/startup/cr_startup_lpc43xx.o
                0x000000001a000178                data_init
                0x000000001a0001be                bss_init
                0x000000001a0001f8                NMI_Handler
                0x000000001a0001fe                HardFault_Handler
                0x000000001a000204                MemManage_Handler
                0x000000001a00020a                BusFault_Handler
                0x000000001a000210                UsageFault_Handler
                0x000000001a000216                SVC_Handler
                0x000000001a00021c                DebugMon_Handler
                0x000000001a000222                PendSV_Handler
                0x000000001a000228                SysTick_Handler
                0x000000001a00022e                TIMER2_IRQHandler
                0x000000001a00022e                RIT_IRQHandler
                0x000000001a00022e                FLASH_EEPROM_IRQHandler
                0x000000001a00022e                I2C0_IRQHandler
                0x000000001a00022e                SDIO_IRQHandler
                0x000000001a00022e                ATIMER_IRQHandler
                0x000000001a00022e                I2C1_IRQHandler
                0x000000001a00022e                UART1_IRQHandler
                0x000000001a00022e                GPIO5_IRQHandler
                0x000000001a00022e                CAN1_IRQHandler
                0x000000001a00022e                USB1_IRQHandler
                0x000000001a00022e                I2S0_IRQHandler
                0x000000001a00022e                TIMER3_IRQHandler
                0x000000001a00022e                UART0_IRQHandler
                0x000000001a00022e                SGPIO_IRQHandler
                0x000000001a00022e                ADC0_IRQHandler
                0x000000001a00022e                GPIO6_IRQHandler
                0x000000001a00022e                IntDefaultHandler
                0x000000001a00022e                GPIO1_IRQHandler
                0x000000001a00022e                SSP0_IRQHandler
                0x000000001a00022e                ADC1_IRQHandler
                0x000000001a00022e                RTC_IRQHandler
                0x000000001a00022e                TIMER0_IRQHandler
                0x000000001a00022e                SPI_IRQHandler
                0x000000001a00022e                LCD_IRQHandler
                0x000000001a00022e                VADC_IRQHandler
                0x000000001a00022e                TIMER1_IRQHandler
                0x000000001a00022e                UART2_IRQHandler
                0x000000001a00022e                GPIO2_IRQHandler
                0x000000001a00022e                I2S1_IRQHandler
                0x000000001a00022e                SSP1_IRQHandler
                0x000000001a00022e                USB0_IRQHandler
                0x000000001a00022e                GPIO3_IRQHandler
                0x000000001a00022e                SCT_IRQHandler
                0x000000001a00022e                WDT_IRQHandler
                0x000000001a00022e                GPIO7_IRQHandler
                0x000000001a00022e                SPIFI_IRQHandler
                0x000000001a00022e                QEI_IRQHandler
                0x000000001a00022e                ETH_IRQHandler
                0x000000001a00022e                M0CORE_IRQHandler
                0x000000001a00022e                CAN0_IRQHandler
                0x000000001a00022e                GINT0_IRQHandler
                0x000000001a00022e                DAC_IRQHandler
                0x000000001a00022e                M0SUB_IRQHandler
                0x000000001a00022e                GPIO0_IRQHandler
                0x000000001a00022e                DMA_IRQHandler
                0x000000001a00022e                EVRT_IRQHandler
                0x000000001a00022e                UART3_IRQHandler
                0x000000001a00022e                MCPWM_IRQHandler
                0x000000001a00022e                GINT1_IRQHandler
                0x000000001a00022e                GPIO4_IRQHandler

.glue_7         0x000000001a000234        0x0
 .glue_7        0x000000001a000234        0x0 linker stubs

.glue_7t        0x000000001a000234        0x0
 .glue_7t       0x000000001a000234        0x0 linker stubs

.vfp11_veneer   0x000000001a000234        0x0
 .vfp11_veneer  0x000000001a000234        0x0 linker stubs

.v4_bx          0x000000001a000234        0x0
 .v4_bx         0x000000001a000234        0x0 linker stubs

.init           0x000000001a000234        0x4
 .init          0x000000001a000234        0x4 /usr/local/share/gcc-arm-none-eabi-10.3-2021.10/bin/../lib/gcc/arm-none-eabi/10.3.1/thumb/v7e-m+fp/softfp/crti.o
                0x000000001a000234                _init

.fini           0x000000001a000238        0x4
 .fini          0x000000001a000238        0x4 /usr/local/share/gcc-arm-none-eabi-10.3-2021.10/bin/../lib/gcc/arm-none-eabi/10.3.1/thumb/v7e-m+fp/softfp/crti.o
                0x000000001a000238                _fini

.iplt           0x000000001a00023c        0x0
 .iplt          0x000000001a00023c        0x0 build/obj/src/bsp_GJ.o

.text           0x000000001a00023c      0x7c8
 *(.text*)
 .text.Chip_SCU_PinMuxSet
                0x000000001a00023c       0x34 build/obj/src/bsp_GJ.o
 .text.Chip_GPIO_SetPinState
                0x000000001a000270       0x38 build/obj/src/bsp_GJ.o
 .text.Chip_GPIO_SetPinDIROutput
                0x000000001a0002a8       0x3e build/obj/src/bsp_GJ.o
 .text.Chip_GPIO_SetPinDIRInput
                0x000000001a0002e6       0x40 build/obj/src/bsp_GJ.o
 .text.Chip_GPIO_SetPinDIR
                0x000000001a000326       0x42 build/obj/src/bsp_GJ.o
 .text.BoardCreate
                0x000000001a000368      0x120 build/obj/src/bsp_GJ.o
                0x000000001a000368                BoardCreate
 .text.Chip_GPIO_SetPinState
                0x000000001a000488       0x38 build/obj/src/digital_GJ.o
 .text.Chip_GPIO_ReadPortBit
                0x000000001a0004c0       0x34 build/obj/src/digital_GJ.o
 .text.Chip_GPIO_SetPinDIROutput
                0x000000001a0004f4       0x3e build/obj/src/digital_GJ.o
 .text.Chip_GPIO_SetPinDIRInput
                0x000000001a000532       0x40 build/obj/src/digital_GJ.o
 .text.Chip_GPIO_SetPinDIR
                0x000000001a000572       0x42 build/obj/src/digital_GJ.o
 .text.Chip_GPIO_SetPinToggle
                0x000000001a0005b4       0x32 build/obj/src/digital_GJ.o
 *fill*         0x000000001a0005e6        0x2 
 .text.DigitalInput_Ocupado
                0x000000001a0005e8       0x6c build/obj/src/digital_GJ.o
                0x000000001a0005e8                DigitalInput_Ocupado
 .text.DigitalInput_Create
                0x000000001a000654       0x50 build/obj/src/digital_GJ.o
                0x000000001a000654                DigitalInput_Create
 .text.DigitalInput_GetState
                0x000000001a0006a4       0x3c build/obj/src/digital_GJ.o
                0x000000001a0006a4                DigitalInput_GetState
 .text.DigitalInput_HasActivate
                0x000000001a0006e0       0x46 build/obj/src/digital_GJ.o
                0x000000001a0006e0                DigitalInput_HasActivate
 *fill*         0x000000001a000726        0x2 
 .text.DigitalOutput_Ocupado
                0x000000001a000728       0x6c build/obj/src/digital_GJ.o
                0x000000001a000728                DigitalOutput_Ocupado
 .text.DigitalOutput_Create
                0x000000001a000794       0x58 build/obj/src/digital_GJ.o
                0x000000001a000794                DigitalOutput_Create
 .text.DigitalOutput_Activate
                0x000000001a0007ec       0x24 build/obj/src/digital_GJ.o
                0x000000001a0007ec                DigitalOutput_Activate
 .text.DigitalOutput_Desactivate
                0x000000001a000810       0x24 build/obj/src/digital_GJ.o
                0x000000001a000810                DigitalOutput_Desactivate
 .text.DigitalOutput_Toggle
                0x000000001a000834       0x24 build/obj/src/digital_GJ.o
                0x000000001a000834                DigitalOutput_Toggle
 .text.main     0x000000001a000858       0xca build/obj/src/main.o
                0x000000001a000858                main
 *fill*         0x000000001a000922        0x2 
 .text.ResetISR
                0x000000001a000924       0xe0 build/obj/external/base/soc/lpc43xx/startup/cr_startup_lpc43xx.o
                0x000000001a000924                ResetISR
 *(.rodata .rodata.* .constdata .constdata.*)
                0x000000001a000a04                . = ALIGN (0x4)

.rel.dyn        0x000000001a000a04        0x0
 .rel.iplt      0x000000001a000a04        0x0 build/obj/src/bsp_GJ.o

.ARM.extab
 *(.ARM.extab* .gnu.linkonce.armextab.*)
                0x000000001a000a04                __exidx_start = .

.ARM.exidx
 *(.ARM.exidx* .gnu.linkonce.armexidx.*)
                0x000000001a000a04                __exidx_end = .
                0x000000001a000a04                _etext = .

.data_RAM2      0x0000000010080000        0x0 load address 0x000000001a000a04
 FILL mask 0xff
                [!provide]                        PROVIDE (__start_data_RAM2 = .)
 *(.ramfunc.$RAM2)
 *(.ramfunc.$RamLoc40)
 *(.data.$RAM2*)
 *(.data.$RamLoc40*)
 *(.bss.ucHeap)
                0x0000000010080000                . = ALIGN (0x4)
                [!provide]                        PROVIDE (__end_data_RAM2 = .)

.data_RAM3      0x0000000020000000        0x0 load address 0x000000001a000a04
 FILL mask 0xff
                [!provide]                        PROVIDE (__start_data_RAM3 = .)
 *(.ramfunc.$RAM3)
 *(.ramfunc.$RamAHB32)
 *(.data.$RAM3*)
 *(.data.$RamAHB32*)
                0x0000000020000000                . = ALIGN (0x4)
                [!provide]                        PROVIDE (__end_data_RAM3 = .)

.data_RAM4      0x0000000020008000        0x0 load address 0x000000001a000a04
 FILL mask 0xff
                [!provide]                        PROVIDE (__start_data_RAM4 = .)
 *(.ramfunc.$RAM4)
 *(.ramfunc.$RamAHB16)
 *(.data.$RAM4*)
 *(.data.$RamAHB16*)
                0x0000000020008000                . = ALIGN (0x4)
                [!provide]                        PROVIDE (__end_data_RAM4 = .)

.data_RAM5      0x000000002000c000        0x0 load address 0x000000001a000a04
 FILL mask 0xff
                [!provide]                        PROVIDE (__start_data_RAM5 = .)
 *(.ramfunc.$RAM5)
 *(.ramfunc.$RamAHB_ETB16)
 *(.data.$RAM5*)
 *(.data.$RamAHB_ETB16*)
                0x000000002000c000                . = ALIGN (0x4)
                [!provide]                        PROVIDE (__end_data_RAM5 = .)

.uninit_RESERVED
                0x0000000010000000        0x0
 *(.bss.$RESERVED*)
                0x0000000010000000                . = ALIGN (0x4)
                0x0000000010000000                _end_uninit_RESERVED = .

.data           0x0000000010000000        0x0 load address 0x000000001a000a04
 FILL mask 0xff
                0x0000000010000000                _data = .
 *(vtable)
 *(.ramfunc*)
 *(.data*)
                0x0000000010000000                . = ALIGN (0x4)
                0x0000000010000000                _edata = .

.igot.plt       0x0000000010000000        0x0 load address 0x000000001a000a04
 .igot.plt      0x0000000010000000        0x0 build/obj/src/bsp_GJ.o

.bss_RAM2       0x0000000010080000        0x0
                [!provide]                        PROVIDE (__start_bss_RAM2 = .)
 *(.bss.$RAM2*)
 *(.bss.$RamLoc40*)
                0x0000000010080000                . = ALIGN ((. != 0x0)?0x4:0x1)
                [!provide]                        PROVIDE (__end_bss_RAM2 = .)

.bss_RAM3       0x0000000020000000        0x0
                [!provide]                        PROVIDE (__start_bss_RAM3 = .)
 *(.bss.$RAM3*)
 *(.bss.$RamAHB32*)
                0x0000000020000000                . = ALIGN ((. != 0x0)?0x4:0x1)
                [!provide]                        PROVIDE (__end_bss_RAM3 = .)

.bss_RAM4       0x0000000020008000        0x0
                [!provide]                        PROVIDE (__start_bss_RAM4 = .)
 *(.bss.$RAM4*)
 *(.bss.$RamAHB16*)
                0x0000000020008000                . = ALIGN ((. != 0x0)?0x4:0x1)
                [!provide]                        PROVIDE (__end_bss_RAM4 = .)

.bss_RAM5       0x000000002000c000        0x0
                [!provide]                        PROVIDE (__start_bss_RAM5 = .)
 *(.bss.$RAM5*)
 *(.bss.$RamAHB_ETB16*)
                0x000000002000c000                . = ALIGN ((. != 0x0)?0x4:0x1)
                [!provide]                        PROVIDE (__end_bss_RAM5 = .)

.bss            0x0000000010000000       0x40
                0x0000000010000000                _bss = .
 *(.bss*)
 .bss.board     0x0000000010000000       0x20 build/obj/src/bsp_GJ.o
 .bss.instances.1
                0x0000000010000020       0x14 build/obj/src/digital_GJ.o
 .bss.instances.0
                0x0000000010000034        0xc build/obj/src/digital_GJ.o
 *(COMMON)
                0x0000000010000040                . = ALIGN (0x4)
                0x0000000010000040                _ebss = .
                [!provide]                        PROVIDE (end = .)

.noinit_RAM2    0x0000000010080000        0x0
 *(.noinit.$RAM2*)
 *(.noinit.$RamLoc40*)
                0x0000000010080000                . = ALIGN (0x4)

.noinit_RAM3    0x0000000020000000        0x0
 *(.noinit.$RAM3*)
 *(.noinit.$RamAHB32*)
                0x0000000020000000                . = ALIGN (0x4)

.noinit_RAM4    0x0000000020008000        0x0
 *(.noinit.$RAM4*)
 *(.noinit.$RamAHB16*)
                0x0000000020008000                . = ALIGN (0x4)

.noinit_RAM5    0x000000002000c000        0x0
 *(.noinit.$RAM5*)
 *(.noinit.$RamAHB_ETB16*)
                0x000000002000c000                . = ALIGN (0x4)

.noinit         0x0000000010000040        0x0
                0x0000000010000040                _noinit = .
 *(.noinit*)
                0x0000000010000040                . = ALIGN (0x4)
                0x0000000010000040                _end_noinit = .
                [!provide]                        PROVIDE (_pvHeapStart = DEFINED (__user_heap_base)?__user_heap_base:.)
                0x0000000010008000                PROVIDE (_vStackTop = DEFINED (__user_stack_top)?__user_stack_top:(__top_RamLoc32 - 0x0))
                0xffffffff53ff6cc2                PROVIDE (__valid_user_code_checksum = (0x0 - ((((((_vStackTop + (ResetISR + 0x1)) + (NMI_Handler + 0x1)) + (HardFault_Handler + 0x1)) + (DEFINED (MemManage_Handler)?MemManage_Handler:0x0 + 0x1)) + (DEFINED (BusFault_Handler)?BusFault_Handler:0x0 + 0x1)) + (DEFINED (UsageFault_Handler)?UsageFault_Handler:0x0 + 0x1))))
OUTPUT(build/bin/TP6_Embebidos.elf elf32-littlearm)
LOAD linker stubs

.ARM.attributes
                0x0000000000000000       0x2e
 .ARM.attributes
                0x0000000000000000       0x1e /usr/local/share/gcc-arm-none-eabi-10.3-2021.10/bin/../lib/gcc/arm-none-eabi/10.3.1/thumb/v7e-m+fp/softfp/crti.o
 .ARM.attributes
                0x000000000000001e       0x32 build/obj/src/bsp_GJ.o
 .ARM.attributes
                0x0000000000000050       0x32 build/obj/src/digital_GJ.o
 .ARM.attributes
                0x0000000000000082       0x32 build/obj/src/main.o
 .ARM.attributes
                0x00000000000000b4       0x32 build/obj/external/base/soc/lpc43xx/startup/cr_startup_lpc43xx.o

.comment        0x0000000000000000       0x49
 .comment       0x0000000000000000       0x49 build/obj/src/bsp_GJ.o
                                         0x4a (size before relaxing)
 .comment       0x0000000000000049       0x4a build/obj/src/digital_GJ.o
 .comment       0x0000000000000049       0x4a build/obj/src/main.o
 .comment       0x0000000000000049       0x4a build/obj/external/base/soc/lpc43xx/startup/cr_startup_lpc43xx.o

.debug_info     0x0000000000000000     0x157b
 .debug_info    0x0000000000000000      0xa22 build/obj/src/bsp_GJ.o
 .debug_info    0x0000000000000a22      0x6db build/obj/src/digital_GJ.o
 .debug_info    0x00000000000010fd      0x1a5 build/obj/src/main.o
 .debug_info    0x00000000000012a2      0x2d9 build/obj/external/base/soc/lpc43xx/startup/cr_startup_lpc43xx.o

.debug_abbrev   0x0000000000000000      0x58a
 .debug_abbrev  0x0000000000000000      0x1a7 build/obj/src/bsp_GJ.o
 .debug_abbrev  0x00000000000001a7      0x20b build/obj/src/digital_GJ.o
 .debug_abbrev  0x00000000000003b2       0xad build/obj/src/main.o
 .debug_abbrev  0x000000000000045f      0x12b build/obj/external/base/soc/lpc43xx/startup/cr_startup_lpc43xx.o

.debug_aranges  0x0000000000000000      0x188
 .debug_aranges
                0x0000000000000000       0x48 build/obj/src/bsp_GJ.o
 .debug_aranges
                0x0000000000000048       0xa0 build/obj/src/digital_GJ.o
 .debug_aranges
                0x00000000000000e8       0x20 build/obj/src/main.o
 .debug_aranges
                0x0000000000000108       0x80 build/obj/external/base/soc/lpc43xx/startup/cr_startup_lpc43xx.o

.debug_ranges   0x0000000000000000      0x148
 .debug_ranges  0x0000000000000000       0x38 build/obj/src/bsp_GJ.o
 .debug_ranges  0x0000000000000038       0x90 build/obj/src/digital_GJ.o
 .debug_ranges  0x00000000000000c8       0x10 build/obj/src/main.o
 .debug_ranges  0x00000000000000d8       0x70 build/obj/external/base/soc/lpc43xx/startup/cr_startup_lpc43xx.o

.debug_macro    0x0000000000000000     0x63dc
 .debug_macro   0x0000000000000000      0x338 build/obj/src/bsp_GJ.o
 .debug_macro   0x0000000000000338      0xaba build/obj/src/bsp_GJ.o
 .debug_macro   0x0000000000000df2       0x10 build/obj/src/bsp_GJ.o
 .debug_macro   0x0000000000000e02       0x22 build/obj/src/bsp_GJ.o
 .debug_macro   0x0000000000000e24       0x8e build/obj/src/bsp_GJ.o
 .debug_macro   0x0000000000000eb2       0x51 build/obj/src/bsp_GJ.o
 .debug_macro   0x0000000000000f03      0x103 build/obj/src/bsp_GJ.o
 .debug_macro   0x0000000000001006       0x6a build/obj/src/bsp_GJ.o
 .debug_macro   0x0000000000001070      0x1df build/obj/src/bsp_GJ.o
 .debug_macro   0x000000000000124f       0x22 build/obj/src/bsp_GJ.o
 .debug_macro   0x0000000000001271       0x73 build/obj/src/bsp_GJ.o
 .debug_macro   0x00000000000012e4       0x28 build/obj/src/bsp_GJ.o
 .debug_macro   0x000000000000130c       0x1c build/obj/src/bsp_GJ.o
 .debug_macro   0x0000000000001328       0x22 build/obj/src/bsp_GJ.o
 .debug_macro   0x000000000000134a       0xfb build/obj/src/bsp_GJ.o
 .debug_macro   0x0000000000001445     0x1011 build/obj/src/bsp_GJ.o
 .debug_macro   0x0000000000002456      0x11f build/obj/src/bsp_GJ.o
 .debug_macro   0x0000000000002575      0x2c3 build/obj/src/bsp_GJ.o
 .debug_macro   0x0000000000002838      0x112 build/obj/src/bsp_GJ.o
 .debug_macro   0x000000000000294a       0x11 build/obj/src/bsp_GJ.o
 .debug_macro   0x000000000000295b       0x2a build/obj/src/bsp_GJ.o
 .debug_macro   0x0000000000002985       0x16 build/obj/src/bsp_GJ.o
 .debug_macro   0x000000000000299b      0x2e6 build/obj/src/bsp_GJ.o
 .debug_macro   0x0000000000002c81       0x82 build/obj/src/bsp_GJ.o
 .debug_macro   0x0000000000002d03      0x13d build/obj/src/bsp_GJ.o
 .debug_macro   0x0000000000002e40      0x198 build/obj/src/bsp_GJ.o
 .debug_macro   0x0000000000002fd8       0x34 build/obj/src/bsp_GJ.o
 .debug_macro   0x000000000000300c       0x58 build/obj/src/bsp_GJ.o
 .debug_macro   0x0000000000003064      0x236 build/obj/src/bsp_GJ.o
 .debug_macro   0x000000000000329a      0x572 build/obj/src/bsp_GJ.o
 .debug_macro   0x000000000000380c       0x16 build/obj/src/bsp_GJ.o
 .debug_macro   0x0000000000003822      0x18a build/obj/src/bsp_GJ.o
 .debug_macro   0x00000000000039ac       0x88 build/obj/src/bsp_GJ.o
 .debug_macro   0x0000000000003a34      0x1b9 build/obj/src/bsp_GJ.o
 .debug_macro   0x0000000000003bed      0x1da build/obj/src/bsp_GJ.o
 .debug_macro   0x0000000000003dc7       0x40 build/obj/src/bsp_GJ.o
 .debug_macro   0x0000000000003e07       0x1c build/obj/src/bsp_GJ.o
 .debug_macro   0x0000000000003e23       0x2e build/obj/src/bsp_GJ.o
 .debug_macro   0x0000000000003e51       0x2e build/obj/src/bsp_GJ.o
 .debug_macro   0x0000000000003e7f       0x22 build/obj/src/bsp_GJ.o
 .debug_macro   0x0000000000003ea1      0x201 build/obj/src/bsp_GJ.o
 .debug_macro   0x00000000000040a2       0xe0 build/obj/src/bsp_GJ.o
 .debug_macro   0x0000000000004182      0x34c build/obj/src/bsp_GJ.o
 .debug_macro   0x00000000000044ce       0xdc build/obj/src/bsp_GJ.o
 .debug_macro   0x00000000000045aa       0xc4 build/obj/src/bsp_GJ.o
 .debug_macro   0x000000000000466e       0x8f build/obj/src/bsp_GJ.o
 .debug_macro   0x00000000000046fd       0x94 build/obj/src/bsp_GJ.o
 .debug_macro   0x0000000000004791       0xb8 build/obj/src/bsp_GJ.o
 .debug_macro   0x0000000000004849       0x4c build/obj/src/bsp_GJ.o
 .debug_macro   0x0000000000004895       0x16 build/obj/src/bsp_GJ.o
 .debug_macro   0x00000000000048ab      0x328 build/obj/src/bsp_GJ.o
 .debug_macro   0x0000000000004bd3       0x3a build/obj/src/bsp_GJ.o
 .debug_macro   0x0000000000004c0d       0xd0 build/obj/src/bsp_GJ.o
 .debug_macro   0x0000000000004cdd       0x18 build/obj/src/bsp_GJ.o
 .debug_macro   0x0000000000004cf5       0x22 build/obj/src/bsp_GJ.o
 .debug_macro   0x0000000000004d17       0x40 build/obj/src/bsp_GJ.o
 .debug_macro   0x0000000000004d57       0x10 build/obj/src/bsp_GJ.o
 .debug_macro   0x0000000000004d67      0x130 build/obj/src/bsp_GJ.o
 .debug_macro   0x0000000000004e97      0x472 build/obj/src/digital_GJ.o
 .debug_macro   0x0000000000005309       0x5e build/obj/src/digital_GJ.o
 .debug_macro   0x0000000000005367       0x1e build/obj/src/digital_GJ.o
 .debug_macro   0x0000000000005385       0x94 build/obj/src/digital_GJ.o
 .debug_macro   0x0000000000005419       0x35 build/obj/src/digital_GJ.o
 .debug_macro   0x000000000000544e       0x34 build/obj/src/digital_GJ.o
 .debug_macro   0x0000000000005482       0x16 build/obj/src/digital_GJ.o
 .debug_macro   0x0000000000005498       0x57 build/obj/src/digital_GJ.o
 .debug_macro   0x00000000000054ef       0x97 build/obj/src/digital_GJ.o
 .debug_macro   0x0000000000005586      0x341 build/obj/src/digital_GJ.o
 .debug_macro   0x00000000000058c7       0xfd build/obj/src/digital_GJ.o
 .debug_macro   0x00000000000059c4       0x10 build/obj/src/digital_GJ.o
 .debug_macro   0x00000000000059d4       0x16 build/obj/src/digital_GJ.o
 .debug_macro   0x00000000000059ea       0x43 build/obj/src/digital_GJ.o
 .debug_macro   0x0000000000005a2d       0x34 build/obj/src/digital_GJ.o
 .debug_macro   0x0000000000005a61       0x10 build/obj/src/digital_GJ.o
 .debug_macro   0x0000000000005a71       0x58 build/obj/src/digital_GJ.o
 .debug_macro   0x0000000000005ac9      0x182 build/obj/src/digital_GJ.o
 .debug_macro   0x0000000000005c4b       0x10 build/obj/src/digital_GJ.o
 .debug_macro   0x0000000000005c5b       0x1c build/obj/src/digital_GJ.o
 .debug_macro   0x0000000000005c77       0x52 build/obj/src/digital_GJ.o
 .debug_macro   0x0000000000005cc9       0x22 build/obj/src/digital_GJ.o
 .debug_macro   0x0000000000005ceb       0x10 build/obj/src/digital_GJ.o
 .debug_macro   0x0000000000005cfb       0x52 build/obj/src/digital_GJ.o
 .debug_macro   0x0000000000005d4d       0xd5 build/obj/src/digital_GJ.o
 .debug_macro   0x0000000000005e22       0x1c build/obj/src/digital_GJ.o
 .debug_macro   0x0000000000005e3e       0x3d build/obj/src/digital_GJ.o
 .debug_macro   0x0000000000005e7b       0x16 build/obj/src/digital_GJ.o
 .debug_macro   0x0000000000005e91      0x16f build/obj/src/digital_GJ.o
 .debug_macro   0x0000000000006000       0x72 build/obj/src/digital_GJ.o
 .debug_macro   0x0000000000006072       0x11 build/obj/src/digital_GJ.o
 .debug_macro   0x0000000000006083      0x33c build/obj/src/main.o
 .debug_macro   0x00000000000063bf       0x1d build/obj/external/base/soc/lpc43xx/startup/cr_startup_lpc43xx.o

.debug_line     0x0000000000000000     0x1f58
 .debug_line    0x0000000000000000      0x901 build/obj/src/bsp_GJ.o
 .debug_line    0x0000000000000901      0xbea build/obj/src/digital_GJ.o
 .debug_line    0x00000000000014eb      0x870 build/obj/src/main.o
 .debug_line    0x0000000000001d5b      0x1fd build/obj/external/base/soc/lpc43xx/startup/cr_startup_lpc43xx.o

.debug_str      0x0000000000000000    0x1b6d3
 .debug_str     0x0000000000000000    0x177d8 build/obj/src/bsp_GJ.o
                                      0x179bb (size before relaxing)
 .debug_str     0x00000000000177d8     0x3c93 build/obj/src/digital_GJ.o
                                      0x1a83b (size before relaxing)
 .debug_str     0x000000000001b46b       0x55 build/obj/src/main.o
                                      0x16e6e (size before relaxing)
 .debug_str     0x000000000001b4c0      0x213 build/obj/external/base/soc/lpc43xx/startup/cr_startup_lpc43xx.o
                                       0x2f70 (size before relaxing)

.debug_frame    0x0000000000000000      0x524
 .debug_frame   0x0000000000000000       0xf0 build/obj/src/bsp_GJ.o
 .debug_frame   0x00000000000000f0      0x294 build/obj/src/digital_GJ.o
 .debug_frame   0x0000000000000384       0x30 build/obj/src/main.o
 .debug_frame   0x00000000000003b4      0x170 build/obj/external/base/soc/lpc43xx/startup/cr_startup_lpc43xx.o

Cross Reference Table

Symbol                                            File
ADC0_IRQHandler                                   build/obj/external/base/soc/lpc43xx/startup/cr_startup_lpc43xx.o
ADC1_IRQHandler                                   build/obj/external/base/soc/lpc43xx/startup/cr_startup_lpc43xx.o
ATIMER_IRQHandler                                 build/obj/external/base/soc/lpc43xx/startup/cr_startup_lpc43xx.o
BoardCreate                                       build/obj/src/bsp_GJ.o
                                                  build/obj/src/main.o
BusFault_Handler                                  build/obj/external/base/soc/lpc43xx/startup/cr_startup_lpc43xx.o
CAN0_IRQHandler                                   build/obj/external/base/soc/lpc43xx/startup/cr_startup_lpc43xx.o
CAN1_IRQHandler                                   build/obj/external/base/soc/lpc43xx/startup/cr_startup_lpc43xx.o
DAC_IRQHandler                                    build/obj/external/base/soc/lpc43xx/startup/cr_startup_lpc43xx.o
DMA_IRQHandler                                    build/obj/external/base/soc/lpc43xx/startup/cr_startup_lpc43xx.o
DebugMon_Handler                                  build/obj/external/base/soc/lpc43xx/startup/cr_startup_lpc43xx.o
DigitalInput_Create                               build/obj/src/digital_GJ.o
                                                  build/obj/src/bsp_GJ.o
DigitalInput_GetState                             build/obj/src/digital_GJ.o
                                                  build/obj/src/main.o
DigitalInput_HasActivate                          build/obj/src/digital_GJ.o
                                                  build/obj/src/main.o
DigitalInput_HasChange                            build/obj/src/digital_GJ.o
DigitalInput_HasDesactivate                       build/obj/src/digital_GJ.o
DigitalInput_Ocupado                              build/obj/src/digital_GJ.o
DigitalOutput_Activate                            build/obj/src/digital_GJ.o
                                                  build/obj/src/main.o
DigitalOutput_Create                              build/obj/src/digital_GJ.o
                                                  build/obj/src/bsp_GJ.o
DigitalOutput_Desactivate                         build/obj/src/digital_GJ.o
                                                  build/obj/src/main.o
DigitalOutput_Ocupado                             build/obj/src/digital_GJ.o
DigitalOutput_Toggle                              build/obj/src/digital_GJ.o
                                                  build/obj/src/main.o
ETH_IRQHandler                                    build/obj/external/base/soc/lpc43xx/startup/cr_startup_lpc43xx.o
EVRT_IRQHandler                                   build/obj/external/base/soc/lpc43xx/startup/cr_startup_lpc43xx.o
FLASH_EEPROM_IRQHandler                           build/obj/external/base/soc/lpc43xx/startup/cr_startup_lpc43xx.o
GINT0_IRQHandler                                  build/obj/external/base/soc/lpc43xx/startup/cr_startup_lpc43xx.o
GINT1_IRQHandler                                  build/obj/external/base/soc/lpc43xx/startup/cr_startup_lpc43xx.o
GPIO0_IRQHandler                                  build/obj/external/base/soc/lpc43xx/startup/cr_startup_lpc43xx.o
GPIO1_IRQHandler                                  build/obj/external/base/soc/lpc43xx/startup/cr_startup_lpc43xx.o
GPIO2_IRQHandler                                  build/obj/external/base/soc/lpc43xx/startup/cr_startup_lpc43xx.o
GPIO3_IRQHandler                                  build/obj/external/base/soc/lpc43xx/startup/cr_startup_lpc43xx.o
GPIO4_IRQHandler                                  build/obj/external/base/soc/lpc43xx/startup/cr_startup_lpc43xx.o
GPIO5_IRQHandler                                  build/obj/external/base/soc/lpc43xx/startup/cr_startup_lpc43xx.o
GPIO6_IRQHandler                                  build/obj/external/base/soc/lpc43xx/startup/cr_startup_lpc43xx.o
GPIO7_IRQHandler                                  build/obj/external/base/soc/lpc43xx/startup/cr_startup_lpc43xx.o
HardFault_Handler                                 build/obj/external/base/soc/lpc43xx/startup/cr_startup_lpc43xx.o
I2C0_IRQHandler                                   build/obj/external/base/soc/lpc43xx/startup/cr_startup_lpc43xx.o
I2C1_IRQHandler                                   build/obj/external/base/soc/lpc43xx/startup/cr_startup_lpc43xx.o
I2S0_IRQHandler                                   build/obj/external/base/soc/lpc43xx/startup/cr_startup_lpc43xx.o
I2S1_IRQHandler                                   build/obj/external/base/soc/lpc43xx/startup/cr_startup_lpc43xx.o
IntDefaultHandler                                 build/obj/external/base/soc/lpc43xx/startup/cr_startup_lpc43xx.o
LCD_IRQHandler                                    build/obj/external/base/soc/lpc43xx/startup/cr_startup_lpc43xx.o
M0CORE_IRQHandler                                 build/obj/external/base/soc/lpc43xx/startup/cr_startup_lpc43xx.o
M0SUB_IRQHandler                                  build/obj/external/base/soc/lpc43xx/startup/cr_startup_lpc43xx.o
MCPWM_IRQHandler                                  build/obj/external/base/soc/lpc43xx/startup/cr_startup_lpc43xx.o
MemManage_Handler                                 build/obj/external/base/soc/lpc43xx/startup/cr_startup_lpc43xx.o
NMI_Handler                                       build/obj/external/base/soc/lpc43xx/startup/cr_startup_lpc43xx.o
PendSV_Handler                                    build/obj/external/base/soc/lpc43xx/startup/cr_startup_lpc43xx.o
QEI_IRQHandler                                    build/obj/external/base/soc/lpc43xx/startup/cr_startup_lpc43xx.o
RIT_IRQHandler                                    build/obj/external/base/soc/lpc43xx/startup/cr_startup_lpc43xx.o
RTC_IRQHandler                                    build/obj/external/base/soc/lpc43xx/startup/cr_startup_lpc43xx.o
ResetISR                                          build/obj/external/base/soc/lpc43xx/startup/cr_startup_lpc43xx.o
SCT_IRQHandler                                    build/obj/external/base/soc/lpc43xx/startup/cr_startup_lpc43xx.o
SDIO_IRQHandler                                   build/obj/external/base/soc/lpc43xx/startup/cr_startup_lpc43xx.o
SGPIO_IRQHandler                                  build/obj/external/base/soc/lpc43xx/startup/cr_startup_lpc43xx.o
SPIFI_IRQHandler                                  build/obj/external/base/soc/lpc43xx/startup/cr_startup_lpc43xx.o
SPI_IRQHandler                                    build/obj/external/base/soc/lpc43xx/startup/cr_startup_lpc43xx.o
SSP0_IRQHandler                                   build/obj/external/base/soc/lpc43xx/startup/cr_startup_lpc43xx.o
SSP1_IRQHandler                                   build/obj/external/base/soc/lpc43xx/startup/cr_startup_lpc43xx.o
SVC_Handler                                       build/obj/external/base/soc/lpc43xx/startup/cr_startup_lpc43xx.o
SysTick_Handler                                   build/obj/external/base/soc/lpc43xx/startup/cr_startup_lpc43xx.o
TIMER0_IRQHandler                                 build/obj/external/base/soc/lpc43xx/startup/cr_startup_lpc43xx.o
TIMER1_IRQHandler                                 build/obj/external/base/soc/lpc43xx/startup/cr_startup_lpc43xx.o
TIMER2_IRQHandler                                 build/obj/external/base/soc/lpc43xx/startup/cr_startup_lpc43xx.o
TIMER3_IRQHandler                                 build/obj/external/base/soc/lpc43xx/startup/cr_startup_lpc43xx.o
UART0_IRQHandler                                  build/obj/external/base/soc/lpc43xx/startup/cr_startup_lpc43xx.o
UART1_IRQHandler                                  build/obj/external/base/soc/lpc43xx/startup/cr_startup_lpc43xx.o
UART2_IRQHandler                                  build/obj/external/base/soc/lpc43xx/startup/cr_startup_lpc43xx.o
UART3_IRQHandler                                  build/obj/external/base/soc/lpc43xx/startup/cr_startup_lpc43xx.o
USB0_IRQHandler                                   build/obj/external/base/soc/lpc43xx/startup/cr_startup_lpc43xx.o
USB1_IRQHandler                                   build/obj/external/base/soc/lpc43xx/startup/cr_startup_lpc43xx.o
UsageFault_Handler                                build/obj/external/base/soc/lpc43xx/startup/cr_startup_lpc43xx.o
VADC_IRQHandler                                   build/obj/external/base/soc/lpc43xx/startup/cr_startup_lpc43xx.o
WDT_IRQHandler                                    build/obj/external/base/soc/lpc43xx/startup/cr_startup_lpc43xx.o
__bss_end__                                       /usr/local/share/gcc-arm-none-eabi-10.3-2021.10/bin/../lib/gcc/arm-none-eabi/10.3.1/../../../../arm-none-eabi/lib/thumb/v7e-m+fp/softfp/crt0.o
__bss_section_table_end                           build/obj/external/base/soc/lpc43xx/startup/cr_startup_lpc43xx.o
__bss_start__                                     /usr/local/share/gcc-arm-none-eabi-10.3-2021.10/bin/../lib/gcc/arm-none-eabi/10.3.1/../../../../arm-none-eabi/lib/thumb/v7e-m+fp/softfp/crt0.o
__call_exitprocs                                  /usr/local/share/gcc-arm-none-eabi-10.3-2021.10/bin/../lib/gcc/arm-none-eabi/10.3.1/../../../../arm-none-eabi/lib/thumb/v7e-m+fp/softfp/libc_nano.a(lib_a-exit.o)
__data_section_table                              build/obj/external/base/soc/lpc43xx/startup/cr_startup_lpc43xx.o
__data_section_table_end                          build/obj/external/base/soc/lpc43xx/startup/cr_startup_lpc43xx.o
__deregister_frame_info                           /usr/local/share/gcc-arm-none-eabi-10.3-2021.10/bin/../lib/gcc/arm-none-eabi/10.3.1/thumb/v7e-m+fp/softfp/crtbegin.o
__dso_handle                                      /usr/local/share/gcc-arm-none-eabi-10.3-2021.10/bin/../lib/gcc/arm-none-eabi/10.3.1/thumb/v7e-m+fp/softfp/crtbegin.o
__init_array_end                                  /usr/local/share/gcc-arm-none-eabi-10.3-2021.10/bin/../lib/gcc/arm-none-eabi/10.3.1/../../../../arm-none-eabi/lib/thumb/v7e-m+fp/softfp/libc_nano.a(lib_a-init.o)
__init_array_start                                /usr/local/share/gcc-arm-none-eabi-10.3-2021.10/bin/../lib/gcc/arm-none-eabi/10.3.1/../../../../arm-none-eabi/lib/thumb/v7e-m+fp/softfp/libc_nano.a(lib_a-init.o)
__libc_fini_array                                 /usr/local/share/gcc-arm-none-eabi-10.3-2021.10/bin/../lib/gcc/arm-none-eabi/10.3.1/../../../../arm-none-eabi/lib/thumb/v7e-m+fp/softfp/crt0.o
__libc_init_array                                 /usr/local/share/gcc-arm-none-eabi-10.3-2021.10/bin/../lib/gcc/arm-none-eabi/10.3.1/../../../../arm-none-eabi/lib/thumb/v7e-m+fp/softfp/libc_nano.a(lib_a-init.o)
                                                  /usr/local/share/gcc-arm-none-eabi-10.3-2021.10/bin/../lib/gcc/arm-none-eabi/10.3.1/../../../../arm-none-eabi/lib/thumb/v7e-m+fp/softfp/crt0.o
__preinit_array_end                               /usr/local/share/gcc-arm-none-eabi-10.3-2021.10/bin/../lib/gcc/arm-none-eabi/10.3.1/../../../../arm-none-eabi/lib/thumb/v7e-m+fp/softfp/libc_nano.a(lib_a-init.o)
__preinit_array_start                             /usr/local/share/gcc-arm-none-eabi-10.3-2021.10/bin/../lib/gcc/arm-none-eabi/10.3.1/../../../../arm-none-eabi/lib/thumb/v7e-m+fp/softfp/libc_nano.a(lib_a-init.o)
__register_frame_info                             /usr/local/share/gcc-arm-none-eabi-10.3-2021.10/bin/../lib/gcc/arm-none-eabi/10.3.1/thumb/v7e-m+fp/softfp/crtbegin.o
__sf_fake_stderr                                  /usr/local/share/gcc-arm-none-eabi-10.3-2021.10/bin/../lib/gcc/arm-none-eabi/10.3.1/../../../../arm-none-eabi/lib/thumb/v7e-m+fp/softfp/libc_nano.a(lib_a-impure.o)
__sf_fake_stdin                                   /usr/local/share/gcc-arm-none-eabi-10.3-2021.10/bin/../lib/gcc/arm-none-eabi/10.3.1/../../../../arm-none-eabi/lib/thumb/v7e-m+fp/softfp/libc_nano.a(lib_a-impure.o)
__sf_fake_stdout                                  /usr/local/share/gcc-arm-none-eabi-10.3-2021.10/bin/../lib/gcc/arm-none-eabi/10.3.1/../../../../arm-none-eabi/lib/thumb/v7e-m+fp/softfp/libc_nano.a(lib_a-impure.o)
__stack                                           /usr/local/share/gcc-arm-none-eabi-10.3-2021.10/bin/../lib/gcc/arm-none-eabi/10.3.1/../../../../arm-none-eabi/lib/thumb/v7e-m+fp/softfp/crt0.o
__valid_user_code_checksum                        build/obj/external/base/soc/lpc43xx/startup/cr_startup_lpc43xx.o
_exit                                             /usr/local/share/gcc-arm-none-eabi-10.3-2021.10/bin/../lib/gcc/arm-none-eabi/10.3.1/../../../../arm-none-eabi/lib/thumb/v7e-m+fp/softfp/libnosys.a(_exit.o)
                                                  /usr/local/share/gcc-arm-none-eabi-10.3-2021.10/bin/../lib/gcc/arm-none-eabi/10.3.1/../../../../arm-none-eabi/lib/thumb/v7e-m+fp/softfp/libc_nano.a(lib_a-exit.o)
_fini                                             /usr/local/share/gcc-arm-none-eabi-10.3-2021.10/bin/../lib/gcc/arm-none-eabi/10.3.1/thumb/v7e-m+fp/softfp/crti.o
_global_impure_ptr                                /usr/local/share/gcc-arm-none-eabi-10.3-2021.10/bin/../lib/gcc/arm-none-eabi/10.3.1/../../../../arm-none-eabi/lib/thumb/v7e-m+fp/softfp/libc_nano.a(lib_a-impure.o)
                                                  /usr/local/share/gcc-arm-none-eabi-10.3-2021.10/bin/../lib/gcc/arm-none-eabi/10.3.1/../../../../arm-none-eabi/lib/thumb/v7e-m+fp/softfp/libc_nano.a(lib_a-exit.o)
_impure_ptr                                       /usr/local/share/gcc-arm-none-eabi-10.3-2021.10/bin/../lib/gcc/arm-none-eabi/10.3.1/../../../../arm-none-eabi/lib/thumb/v7e-m+fp/softfp/libc_nano.a(lib_a-impure.o)
_init                                             /usr/local/share/gcc-arm-none-eabi-10.3-2021.10/bin/../lib/gcc/arm-none-eabi/10.3.1/thumb/v7e-m+fp/softfp/crti.o
                                                  /usr/local/share/gcc-arm-none-eabi-10.3-2021.10/bin/../lib/gcc/arm-none-eabi/10.3.1/../../../../arm-none-eabi/lib/thumb/v7e-m+fp/softfp/libc_nano.a(lib_a-init.o)
_mainCRTStartup                                   /usr/local/share/gcc-arm-none-eabi-10.3-2021.10/bin/../lib/gcc/arm-none-eabi/10.3.1/../../../../arm-none-eabi/lib/thumb/v7e-m+fp/softfp/crt0.o
_stack_init                                       /usr/local/share/gcc-arm-none-eabi-10.3-2021.10/bin/../lib/gcc/arm-none-eabi/10.3.1/../../../../arm-none-eabi/lib/thumb/v7e-m+fp/softfp/crt0.o
_start                                            /usr/local/share/gcc-arm-none-eabi-10.3-2021.10/bin/../lib/gcc/arm-none-eabi/10.3.1/../../../../arm-none-eabi/lib/thumb/v7e-m+fp/softfp/crt0.o
_vStackTop                                        build/obj/external/base/soc/lpc43xx/startup/cr_startup_lpc43xx.o
atexit                                            /usr/local/share/gcc-arm-none-eabi-10.3-2021.10/bin/../lib/gcc/arm-none-eabi/10.3.1/../../../../arm-none-eabi/lib/thumb/v7e-m+fp/softfp/crt0.o
bss_init                                          build/obj/external/base/soc/lpc43xx/startup/cr_startup_lpc43xx.o
data_init                                         build/obj/external/base/soc/lpc43xx/startup/cr_startup_lpc43xx.o
exit                                              /usr/local/share/gcc-arm-none-eabi-10.3-2021.10/bin/../lib/gcc/arm-none-eabi/10.3.1/../../../../arm-none-eabi/lib/thumb/v7e-m+fp/softfp/libc_nano.a(lib_a-exit.o)
                                                  /usr/local/share/gcc-arm-none-eabi-10.3-2021.10/bin/../lib/gcc/arm-none-eabi/10.3.1/../../../../arm-none-eabi/lib/thumb/v7e-m+fp/softfp/crt0.o
g_pfnVectors                                      build/obj/external/base/soc/lpc43xx/startup/cr_startup_lpc43xx.o
hardware_init_hook                                /usr/local/share/gcc-arm-none-eabi-10.3-2021.10/bin/../lib/gcc/arm-none-eabi/10.3.1/../../../../arm-none-eabi/lib/thumb/v7e-m+fp/softfp/crt0.o
main                                              build/obj/src/main.o
                                                  build/obj/external/base/soc/lpc43xx/startup/cr_startup_lpc43xx.o
                                                  /usr/local/share/gcc-arm-none-eabi-10.3-2021.10/bin/../lib/gcc/arm-none-eabi/10.3.1/../../../../arm-none-eabi/lib/thumb/v7e-m+fp/softfp/crt0.o
memset                                            /usr/local/share/gcc-arm-none-eabi-10.3-2021.10/bin/../lib/gcc/arm-none-eabi/10.3.1/../../../../arm-none-eabi/lib/thumb/v7e-m+fp/softfp/libc_nano.a(lib_a-memset.o)
                                                  /usr/local/share/gcc-arm-none-eabi-10.3-2021.10/bin/../lib/gcc/arm-none-eabi/10.3.1/../../../../arm-none-eabi/lib/thumb/v7e-m+fp/softfp/crt0.o
software_init_hook                                /usr/local/share/gcc-arm-none-eabi-10.3-2021.10/bin/../lib/gcc/arm-none-eabi/10.3.1/../../../../arm-none-eabi/lib/thumb/v7e-m+fp/softfp/crt0.o
